>AP000063.1_59179-59095 
gcgggggugcccgagccu-ggccaaaggggucgggcucaggacccgau-ggc-guag-gc
cugcguggguucaaaucccaccccccgca
>M10217.1_5910-5978 
aguaaagucagcuaa----aa---aagcuuuugggcccauaccccaaac-----------
-a-uguugguuaaaccccuuccuuuacua
>AC021639.5_181586-181505 
gcagucguggccgagu---gguu-aaggcgucugacucgaaaucagau-ucccucu-ggg
ag-cguagguucgaauccuaccggcugcg
>X99256.1_11558-11626 
guaaacauaguuuaa----uc---aaaacauuagauugugaaucuaaca-----------
-a-uagaggcucgaaaccucuugcuuacc
>U67517.1_7511-7582 
gccggggugggguagu---ggcc-auccugggggacuguggauccccug-----------
-a-cccggguucaauucccggucccggcc
>AP000397.1_114390-114319 
uggaguauagccaagu---ggu--aaggcaucgguuuuugguaccggca-----------
-ugcaaagguucgaauccuuuuacuccag
>X03715.1_388-461 
cggaaaguagcuuagcu-uggu--agagcacucgguuugggaccgaggg-----------
-gucgcagguucgaauccugucuuuccga
