>D10744.1_389-471 
ggaaaauugaucauc--ggc-aagauaaguuauuuacuaaauaaua-ggauuuaauaacc
u-ggug-aguucgaaucucacauuuuccg
>AF008220.1_5322-5394 
ggaggauuagcucagcuggg-agagca-ucugccuuacaagcagagg-------------
gucggc-gguucgagcccgucauccucca
>Z11880.1_124-195 
gccuuccuagcucagu-ggu-agagcg-cacggcuuuuaaccgugug-------------
gucgug-gguucgauccccacggaaggcg
>X02172.1_74-145 
gccuuuauagcuuagu-ggu-aaagcg-auaaacugaagauuuauuu-------------
a-cauguaguucgauucucauuaagggca
>M68929.1_186481-186410 
gcggauauaacuuagg-gguuaaaguu-gcagauuguggcucugaaa-------------
a-cacg-gguucgaaucccguuauucgcc
